Error:
Odoo Server Error

Traceback (most recent call last):
  File "/odoo/odoo-server/odoo/tools/cache.py", line 85, in lookup
    r = d[key]
  File "/odoo/odoo-server/odoo/tools/func.py", line 69, in wrapper
    return func(self, *args, **kwargs)
  File "/odoo/odoo-server/odoo/tools/lru.py", line 44, in __getitem__
    a = self.d[obj].me
KeyError: ('ir.model.data', <function IrModelData.xmlid_lookup at 0x7f6d36fd5840>, 'custom_certifica_portal.model_informes_encuestas_merge')

During handling of the above exception, another exception occurred:

Traceback (most recent call last):
  File "/odoo/odoo-server/odoo/tools/convert.py", line 712, in parse
    self._tag_root(de)
  File "/odoo/odoo-server/odoo/tools/convert.py", line 674, in _tag_root
    f(rec)
  File "/odoo/odoo-server/odoo/tools/convert.py", line 674, in _tag_root
    f(rec)
  File "/odoo/odoo-server/odoo/tools/convert.py", line 561, in _tag_record
    f_val = self.id_get(f_ref)
  File "/odoo/odoo-server/odoo/tools/convert.py", line 657, in id_get
    res = self.model_id_get(id_str, raise_if_not_found)
  File "/odoo/odoo-server/odoo/tools/convert.py", line 663, in model_id_get
    return self.env['ir.model.data'].xmlid_to_res_model_res_id(id_str, raise_if_not_found=raise_if_not_found)
  File "/odoo/odoo-server/odoo/addons/base/models/ir_model.py", line 1685, in xmlid_to_res_model_res_id
    return self.xmlid_lookup(xmlid)[1:3]
  File "<decorator-gen-24>", line 2, in xmlid_lookup
  File "/odoo/odoo-server/odoo/tools/cache.py", line 90, in lookup
    value = d[key] = self.method(*args, **kwargs)
  File "/odoo/odoo-server/odoo/addons/base/models/ir_model.py", line 1674, in xmlid_lookup
    raise ValueError('External ID not found in the system: %s' % xmlid)
ValueError: External ID not found in the system: custom_certifica_portal.model_informes_encuestas_merge

During handling of the above exception, another exception occurred:

Traceback (most recent call last):
  File "/odoo/odoo-server/odoo/http.py", line 624, in _handle_exception
    return super(JsonRequest, self)._handle_exception(exception)
  File "/odoo/odoo-server/odoo/http.py", line 310, in _handle_exception
    raise pycompat.reraise(type(exception), exception, sys.exc_info()[2])
  File "/odoo/odoo-server/odoo/tools/pycompat.py", line 14, in reraise
    raise value
  File "/odoo/odoo-server/odoo/http.py", line 669, in dispatch
    result = self._call_function(**self.params)
  File "/odoo/odoo-server/odoo/http.py", line 350, in _call_function
    return checked_call(self.db, *args, **kwargs)
  File "/odoo/odoo-server/odoo/service/model.py", line 94, in wrapper
    return f(dbname, *args, **kwargs)
  File "/odoo/odoo-server/odoo/http.py", line 339, in checked_call
    result = self.endpoint(*a, **kw)
  File "/odoo/odoo-server/odoo/http.py", line 915, in __call__
    return self.method(*args, **kw)
  File "/odoo/odoo-server/odoo/http.py", line 515, in response_wrap
    response = f(*args, **kw)
  File "/odoo/odoo-server/addons/web/controllers/main.py", line 1343, in call_button
    action = self._call_kw(model, method, args, kwargs)
  File "/odoo/odoo-server/addons/web/controllers/main.py", line 1331, in _call_kw
    return call_kw(request.env[model], method, args, kwargs)
  File "/odoo/odoo-server/odoo/api.py", line 387, in call_kw
    result = _call_kw_multi(method, model, args, kwargs)
  File "/odoo/odoo-server/odoo/api.py", line 374, in _call_kw_multi
    result = method(recs, *args, **kwargs)
  File "<decorator-gen-65>", line 2, in button_immediate_upgrade
  File "/odoo/odoo-server/odoo/addons/base/models/ir_module.py", line 72, in check_and_log
    return method(self, *args, **kwargs)
  File "/odoo/odoo-server/odoo/addons/base/models/ir_module.py", line 634, in button_immediate_upgrade
    return self._button_immediate_function(type(self).button_upgrade)
  File "/odoo/odoo-server/odoo/addons/base/models/ir_module.py", line 573, in _button_immediate_function
    modules.registry.Registry.new(self._cr.dbname, update_module=True)
  File "/odoo/odoo-server/odoo/modules/registry.py", line 86, in new
    odoo.modules.load_modules(registry._db, force_demo, status, update_module)
  File "/odoo/odoo-server/odoo/modules/loading.py", line 419, in load_modules
    force, status, report, loaded_modules, update_module, models_to_check)
  File "/odoo/odoo-server/odoo/modules/loading.py", line 315, in load_marked_modules
    perform_checks=perform_checks, models_to_check=models_to_check
  File "/odoo/odoo-server/odoo/modules/loading.py", line 225, in load_module_graph
    load_data(cr, idref, mode, kind='data', package=package, report=report)
  File "/odoo/odoo-server/odoo/modules/loading.py", line 68, in load_data
    tools.convert_file(cr, package.name, filename, idref, mode, noupdate, kind, report)
  File "/odoo/odoo-server/odoo/tools/convert.py", line 736, in convert_file
    convert_xml_import(cr, module, fp, idref, mode, noupdate, report)
  File "/odoo/odoo-server/odoo/tools/convert.py", line 803, in convert_xml_import
    obj.parse(doc.getroot())
  File "/odoo/odoo-server/odoo/tools/convert.py", line 721, in parse
    exc_info[2]
  File "/odoo/odoo-server/odoo/tools/pycompat.py", line 13, in reraise
    raise value.with_traceback(tb)
  File "/odoo/odoo-server/odoo/tools/convert.py", line 712, in parse
    self._tag_root(de)
  File "/odoo/odoo-server/odoo/tools/convert.py", line 674, in _tag_root
    f(rec)
  File "/odoo/odoo-server/odoo/tools/convert.py", line 674, in _tag_root
    f(rec)
  File "/odoo/odoo-server/odoo/tools/convert.py", line 561, in _tag_record
    f_val = self.id_get(f_ref)
  File "/odoo/odoo-server/odoo/tools/convert.py", line 657, in id_get
    res = self.model_id_get(id_str, raise_if_not_found)
  File "/odoo/odoo-server/odoo/tools/convert.py", line 663, in model_id_get
    return self.env['ir.model.data'].xmlid_to_res_model_res_id(id_str, raise_if_not_found=raise_if_not_found)
  File "/odoo/odoo-server/odoo/addons/base/models/ir_model.py", line 1685, in xmlid_to_res_model_res_id
    return self.xmlid_lookup(xmlid)[1:3]
  File "<decorator-gen-24>", line 2, in xmlid_lookup
  File "/odoo/odoo-server/odoo/tools/cache.py", line 90, in lookup
    value = d[key] = self.method(*args, **kwargs)
  File "/odoo/odoo-server/odoo/addons/base/models/ir_model.py", line 1674, in xmlid_lookup
    raise ValueError('External ID not found in the system: %s' % xmlid)
odoo.tools.convert.ParseError: "External ID not found in the system: custom_certifica_portal.model_informes_encuestas_merge" while parsing /odoo/custom/addons/custom_certifica_portal/report/qrcode_overlay_backend.xml:2, near
<odoo>
    <data>
        <!-- Acciones en backend para generar Certificado + QR con overlay -->

        <!-- Overlay 1.5 cm -->
        <record id="action_qr_overlay_backend_15" model="ir.actions.server">
            <field name="name">Certificado + QR (Overlay) - 1.5cm</field>
            <field name="model_id" ref="model_informes_encuestas_merge"/>
            <field name="binding_model_id" ref="model_informes_encuestas_merge"/>
            <field name="binding_type">action</field>
            <field name="state">code</field>
            <field name="code">
action = {
    'type': 'ir.actions.act_url',
    'url': '/web/ultimocertificado/%s/%s/%s/%s/overlay' % (
        (record.xtipodocumento.code or 'equiposdemedicion'),
        (record.xtipodocumento.code == 'personas' and (record.personas_id.id or 0) or (record.xmaquinaria.id or 0)),
        env.user.id,
        'print_qr15',
    ),
    'target': 'new',
}
return action
            </field>
        </record>

        <!-- Overlay 3.5 cm -->
        <record id="action_qr_overlay_backend_35" model="ir.actions.server">
            <field name="name">Certificado + QR (Overlay) - 3.5cm</field>
            <field name="model_id" ref="model_informes_encuestas_merge"/>
            <field name="binding_model_id" ref="model_informes_encuestas_merge"/>
            <field name="binding_type">action</field>
            <field name="state">code</field>
            <field name="code">
action = {
    'type': 'ir.actions.act_url',
    'url': '/web/ultimocertificado/%s/%s/%s/%s/overlay' % (
        (record.xtipodocumento.code or 'equiposdemedicion'),
        (record.xtipodocumento.code == 'personas' and (record.personas_id.id or 0) or (record.xmaquinaria.id or 0)),
        env.user.id,
        'print_qr35',
    ),
    'target': 'new',
}
return action
            </field>
        </record>

        <!-- Overlay 5.0 cm -->
        <record id="action_qr_overlay_backend_50" model="ir.actions.server">
            <field name="name">Certificado + QR (Overlay) - 5.0cm</field>
            <field name="model_id" ref="model_informes_encuestas_merge"/>
            <field name="binding_model_id" ref="model_informes_encuestas_merge"/>
            <field name="binding_type">action</field>
            <field name="state">code</field>
            <field name="code">
action = {
    'type': 'ir.actions.act_url',
    'url': '/web/ultimocertificado/%s/%s/%s/%s/overlay' % (
        (record.xtipodocumento.code or 'equiposdemedicion'),
        (record.xtipodocumento.code == 'personas' and (record.personas_id.id or 0) or (record.xmaquinaria.id or 0)),
        env.user.id,
        'print_qr50',
    ),
    'target': 'new',
}
return action
            </field>
        </record>

        <!-- Overlay 9.5 cm -->
        <record id="action_qr_overlay_backend_95" model="ir.actions.server">
            <field name="name">Certificado + QR (Overlay) - 9.5cm</field>
            <field name="model_id" ref="model_informes_encuestas_merge"/>
            <field name="binding_model_id" ref="model_informes_encuestas_merge"/>
            <field name="binding_type">action</field>
            <field name="state">code</field>
            <field name="code">
action = {
    'type': 'ir.actions.act_url',
    'url': '/web/ultimocertificado/%s/%s/%s/%s/overlay' % (
        (record.xtipodocumento.code or 'equiposdemedicion'),
        (record.xtipodocumento.code == 'personas' and (record.personas_id.id or 0) or (record.xmaquinaria.id or 0)),
        env.user.id,
        'print_qr95',
    ),
    'target': 'new',
}
return action
            </field>
        </record>

    </data>
</odoo>